src/pages/HomePage.tsx(100,9): error TS6133: 'pdfData' is declared but its value is never read.
